// Jest Snapshot v1, https://goo.gl/fbAQLP

exports[`Notification Component renders correctly 1`] = `
<DocumentFragment>
  .c0 {
  position: fixed;
  top: 10px;
  opacity: 0.8;
  width: 320px;
  background-color: #4caf50;
  color: white;
  padding: 15px;
  border-radius: 5px;
  box-shadow: 0 0 10px rgba(0, 0, 0, 0.1);
  z-index: 1000;
}

<div
    class="c0"
  >
    Test Notification
  </div>
</DocumentFragment>
`;
